error[E0609]: no field `numb` on type `&Data`
 --> tests/broken/for-bad-variable.rs:4:91
  |
4 | #[oxiplate_inline = "{%- for number in numbers -%}{{ number }} + {{ number_to_add }} = {{ numb + number_to_add }}{% endfor %}"]
  |                                                                                           ^^^^ unknown field
  |
  = note: available fields are: `numbers`, `number_to_add`
