error: Expected 'in'
 --> tests/broken/for-no-in.rs:4:37
  |
4 | #[oxiplate_inline = "{%- for number numbers -%}{{ number }} + {{ number_to_add }} = {{ numb + number_to_add }}{% endfor %}"]
  |                                     ^^^^^^^^^^^^^^^^^^^^^^^^^^^^^^^^^^^^^^^^^^^^^^^^^^^^^^^^^^^^^^^^^^^^^^^^^^^^^^^^^^^^^^
