error: Expected an expression that is iterable
 --> tests/broken/for-no-expression.rs:4:40
  |
4 | #[oxiplate_inline = "{%- for number in -%}{{ number }} + {{ number_to_add }} = {{ numb + number_to_add }}{% endfor %}"]
  |                                        ^
