error: Expected an expression after prefix operator
 --> tests/broken/not-alone.rs:4:32
  |
4 | #[oxiplate_inline = r##"{% if ! %}"##]
  |                                ^
